###############################################################################
#
# IAR ELF Linker V8.30.2.160/W32 for ARM                  14/Jan/2019  10:02:17
# Copyright 2007-2018 IAR Systems AB.
#
#    Output file  =  
#        D:\DESKTOP 2\MB\3. semestar\VGRAJENI
#        SISTEMI\VAJE\DN_5\Debug\Exe\DN_5.out
#    Map file     =  
#        D:\DESKTOP 2\MB\3. semestar\VGRAJENI
#        SISTEMI\VAJE\DN_5\Debug\List\DN_5.map
#    Command line =  
#        -f C:\Users\Tibor\AppData\Local\Temp\EW8C31.tmp ("D:\DESKTOP 2\MB\3.
#        semestar\VGRAJENI SISTEMI\VAJE\DN_5\Debug\Obj\main.o" "D:\DESKTOP
#        2\MB\3. semestar\VGRAJENI SISTEMI\VAJE\DN_5\Debug\Obj\SPI.o"
#        "D:\DESKTOP 2\MB\3. semestar\VGRAJENI
#        SISTEMI\VAJE\DN_5\Debug\Obj\UART.o" --no_out_extension -o "D:\DESKTOP
#        2\MB\3. semestar\VGRAJENI SISTEMI\VAJE\DN_5\Debug\Exe\DN_5.out"
#        --redirect _Printf=_PrintfFullNoMb --redirect _Scanf=_ScanfFullNoMb
#        --map "D:\DESKTOP 2\MB\3. semestar\VGRAJENI
#        SISTEMI\VAJE\DN_5\Debug\List\DN_5.map" --config "C:\Program Files
#        (x86)\IAR Systems\Embedded Workbench
#        8.1\arm\config\linker\ST\stm32f429xI.icf" --semihosting --entry
#        __iar_program_start --vfe --text_out locale)
#
###############################################################################

*******************************************************************************
*** RUNTIME MODEL ATTRIBUTES
***

CppFlavor       = *
__SystemLibrary = DLib
__dlib_version  = 6


*******************************************************************************
*** HEAP SELECTION
***

The basic heap was selected because some modules are built with
size limitations (and not runtime checking), and --advanced_heap
was not specified.


*******************************************************************************
*** PLACEMENT SUMMARY
***

"A0":  place at 0x800'0000 { ro section .intvec };
"P1":  place in [from 0x800'0000 to 0x81f'ffff] { ro };
define block CSTACK with size = 8K, alignment = 8 { };
"P3":  place in [from 0x1000'0000 to 0x1000'ffff] {
          block CSTACK, section .ccram };
define block HEAP with size = 8K, alignment = 8 { };
"P4":  place in [from 0x2000'0000 to 0x2001'bfff] |
                [from 0x2001'c000 to 0x2001'ffff] |
                [from 0x2002'0000 to 0x2002'ffff] { rw, block HEAP };
initialize by copy { rw };

No sections matched the following patterns:

  ro section application_specific_ro  in "P2|P6"
  rw section application_specific_rw  in "P2|P6"
  section .backup_sram                in "P5"
  section .ccram                      in "P3"


  Section            Kind         Address    Size  Object
  -------            ----         -------    ----  ------
"A0":                                        0x40
  .intvec            ro code   0x800'0000    0x40  vector_table_M.o [4]
                             - 0x800'0040    0x40

"P1":                                      0x1e14
  .text              ro code   0x800'0040   0xe26  xprintffull_nomb.o [2]
  .text              ro code   0x800'0e66     0xa  xsprout.o [2]
  .text              ro code   0x800'0e70    0x16  strchr.o [4]
  .text              ro code   0x800'0e86     0x2  vector_table_M.o [4]
  .text              ro code   0x800'0e88    0x40  xfail_s.o [2]
  .text              ro code   0x800'0ec8    0x36  strlen.o [4]
  .text              ro code   0x800'0f00    0x58  memchr.o [4]
  .text              ro code   0x800'0f58   0x230  I64DivMod.o [4]
  .text              ro code   0x800'1188   0x1a2  DblMul.o [3]
  .text              ro code   0x800'132c    0x76  ABImemcpy_unaligned.o [4]
  .text              ro code   0x800'13a4    0x70  frexp.o [3]
  .text              ro code   0x800'1414    0x2e  DblCmpLe.o [3]
  .text              ro code   0x800'1444    0x2e  DblCmpGe.o [3]
  .text              ro code   0x800'1474   0x13a  ldexp.o [3]
  .text              ro code   0x800'15b0    0x3a  DblToS32.o [3]
  .text              ro code   0x800'15ec    0x22  S32ToDbl.o [3]
  .text              ro code   0x800'1610    0xe2  DblSub.o [3]
  .text              ro code   0x800'16f4   0x246  DblDiv.o [3]
  .text              ro code   0x800'193c    0x28  DblToU32.o [3]
  .text              ro code   0x800'1964    0x1a  U32ToDbl.o [3]
  .text              ro code   0x800'197e     0x6  abort.o [2]
  .text              ro code   0x800'1984     0x2  I64DivZer.o [4]
  .text              ro code   0x800'1988   0x16a  DblAdd.o [3]
  .text              ro code   0x800'1af4    0x14  exit.o [5]
  .text              ro code   0x800'1b08   0x124  SPI.o [1]
  .text              ro code   0x800'1c2c    0x78  UART.o [1]
  .text              ro code   0x800'1ca4    0x60  main.o [1]
  .text              ro code   0x800'1d04    0x40  sprintf.o [2]
  .text              ro code   0x800'1d44    0x2c  copy_init3.o [4]
  .text              ro code   0x800'1d70    0x28  data_init.o [4]
  .text              ro code   0x800'1d98    0x22  fpinit_M.o [3]
  .iar.init_table    const     0x800'1dbc    0x14  - Linker created -
  .text              ro code   0x800'1dd0    0x1e  cmain.o [4]
  .text              ro code   0x800'1dee     0x4  low_level_init.o [2]
  .text              ro code   0x800'1df2     0x4  exit.o [2]
  .text              ro code   0x800'1df8     0xa  cexit.o [4]
  .rodata            const     0x800'1e04    0x14  main.o [1]
  .text              ro code   0x800'1e18     0xc  cstartup_M.o [4]
  .rodata            const     0x800'1e24     0x0  copy_init3.o [4]
  Initializer bytes  const     0x800'1e24    0x30  <for P4 s0>
                             - 0x800'1e54  0x1e14

"P3":                                      0x2000
  CSTACK                      0x1000'0000  0x2000  <Block>
    CSTACK           uninit   0x1000'0000  0x2000  <Block tail>
                            - 0x1000'2000  0x2000

"P4":                                        0x30
  P4 s0                       0x2000'0000    0x30  <Init block>
    .bss             inited   0x2000'0000    0x14  main.o [1]
    .data            inited   0x2000'0014     0x4  SPI.o [1]
    .data            inited   0x2000'0018     0x4  UART.o [1]
    .data            inited   0x2000'001c     0x4  UART.o [1]
    .bss             inited   0x2000'0020     0x4  main.o [1]
    .bss             inited   0x2000'0024     0x4  main.o [1]
    .bss             inited   0x2000'0028     0x4  xfail_s.o [2]
    .bss             inited   0x2000'002c     0x2  SPI.o [1]
                            - 0x2000'0030    0x30

Unused ranges:

         From           To       Size
         ----           --       ----
   0x800'1e54   0x81f'ffff  0x1f'e1ac
  0x1000'2000  0x1000'ffff     0xe000
  0x2000'0030  0x2001'bfff   0x1'bfd0
  0x2001'c000  0x2001'ffff     0x4000
  0x2002'0000  0x2002'ffff   0x1'0000


*******************************************************************************
*** INIT TABLE
***

          Address      Size
          -------      ----
Copy (__iar_copy_init3)
    1 source range, total size 0x30 (104% of destination):
           0x800'1e24  0x30
    1 destination range, total size 0x2e:
          0x2000'0000  0x2e



*******************************************************************************
*** MODULE SUMMARY
***

    Module                 ro code  ro data  rw data
    ------                 -------  -------  -------
command line/config:
    ------------------------------------------------
    Total:

D:\DESKTOP 2\MB\3. semestar\VGRAJENI SISTEMI\VAJE\DN_5\Debug\Obj: [1]
    SPI.o                      292        6        6
    UART.o                     120        8        8
    main.o                      96       48       28
    ------------------------------------------------
    Total:                     508       62       42

dl7M_tln.a: [2]
    abort.o                      6
    exit.o                       4
    low_level_init.o             4
    sprintf.o                   64
    xfail_s.o                   64        4        4
    xprintffull_nomb.o       3 622
    xsprout.o                   10
    ------------------------------------------------
    Total:                   3 774        4        4

m7M_tls.a: [3]
    DblAdd.o                   362
    DblCmpGe.o                  46
    DblCmpLe.o                  46
    DblDiv.o                   582
    DblMul.o                   418
    DblSub.o                   226
    DblToS32.o                  58
    DblToU32.o                  40
    S32ToDbl.o                  34
    U32ToDbl.o                  26
    fpinit_M.o                  34
    frexp.o                    112
    ldexp.o                    314
    ------------------------------------------------
    Total:                   2 298

rt7M_tl.a: [4]
    ABImemcpy_unaligned.o      118
    I64DivMod.o                560
    I64DivZer.o                  2
    cexit.o                     10
    cmain.o                     30
    copy_init3.o                44
    cstartup_M.o                12
    data_init.o                 40
    memchr.o                    88
    strchr.o                    22
    strlen.o                    54
    vector_table_M.o            66
    ------------------------------------------------
    Total:                   1 046

shb_l.a: [5]
    exit.o                      20
    ------------------------------------------------
    Total:                      20

    Gaps                        26        4
    Linker created                       22    8 192
----------------------------------------------------
    Grand Total:             7 672       92    8 238


*******************************************************************************
*** ENTRY LIST
***

Entry                       Address   Size  Type      Object
-----                       -------   ----  ----      ------
.iar.init_table$$Base    0x800'1dbc          --   Gb  - Linker created -
.iar.init_table$$Limit   0x800'1dd0          --   Gb  - Linker created -
?main                    0x800'1dd1         Code  Gb  cmain.o [4]
CSTACK$$Base            0x1000'0000          --   Gb  - Linker created -
CSTACK$$Limit           0x1000'2000          --   Gb  - Linker created -
LoadInt                  0x800'01ef   0x7a  Code  Lc  xprintffull_nomb.o [2]
RCC_Init                 0x800'1cd5   0x1c  Code  Gb  main.o [1]
Region$$Table$$Base      0x800'1dbc          --   Gb  - Linker created -
Region$$Table$$Limit     0x800'1dd0          --   Gb  - Linker created -
SPI_Init                 0x800'1b09   0x10  Code  Gb  SPI.o [1]
USART_Init               0x800'1c2d   0x34  Code  Gb  UART.o [1]
_GenldFullNoMb           0x800'0b65  0x274  Code  Lc  xprintffull_nomb.o [2]
_LdtobFullNoMb           0x800'0739  0x400  Code  Lc  xprintffull_nomb.o [2]
_LitobFullNoMb           0x800'05e1  0x112  Code  Lc  xprintffull_nomb.o [2]
_PrintfFullNoMb          0x800'0041  0x19e  Code  Gb  xprintffull_nomb.o [2]
_PutcharsFullNoMb        0x800'0dd9   0x2e  Code  Lc  xprintffull_nomb.o [2]
_PutfldFullNoMb          0x800'0269  0x26c  Code  Lc  xprintffull_nomb.o [2]
_PuttxtFullNoMb          0x800'04d5  0x10c  Code  Lc  xprintffull_nomb.o [2]
_SProut                  0x800'0e67    0xa  Code  Gb  xsprout.o [2]
__aeabi_cdcmple          0x800'1415         Code  Gb  DblCmpLe.o [3]
__aeabi_cdrcmple         0x800'1445         Code  Gb  DblCmpGe.o [3]
__aeabi_d2iz             0x800'15b1         Code  Gb  DblToS32.o [3]
__aeabi_d2uiz            0x800'193d         Code  Gb  DblToU32.o [3]
__aeabi_ddiv             0x800'16f5         Code  Gb  DblDiv.o [3]
__aeabi_dmul             0x800'1189         Code  Gb  DblMul.o [3]
__aeabi_dsub             0x800'1611         Code  Gb  DblSub.o [3]
__aeabi_i2d              0x800'15ed         Code  Gb  S32ToDbl.o [3]
__aeabi_ldiv0            0x800'1985         Code  Gb  I64DivZer.o [4]
__aeabi_ui2d             0x800'1965         Code  Gb  U32ToDbl.o [3]
__aeabi_uldivmod         0x800'0f59         Code  Gb  I64DivMod.o [4]
__cmain                  0x800'1dd1         Code  Gb  cmain.o [4]
__exit                   0x800'1af5   0x14  Code  Gb  exit.o [5]
__iar_Fail_s             0x800'0e89   0x1c  Code  Gb  xfail_s.o [2]
__iar_Memchr             0x800'0f01         Code  Gb  memchr.o [4]
__iar_Strchr             0x800'0e71         Code  Gb  strchr.o [4]
__iar_copy_init3         0x800'1d45   0x2c  Code  Gb  copy_init3.o [4]
__iar_dadd               0x800'1621         Code  Gb  DblSub.o [3]
__iar_data_init3         0x800'1d71   0x28  Code  Gb  data_init.o [4]
__iar_dsub               0x800'1989         Code  Gb  DblAdd.o [3]
__iar_dsubStart          0x800'199b         Code  Gb  DblAdd.o [3]
__iar_frexp              0x800'13b1         Code  Gb  frexp.o [3]
__iar_frexpl             0x800'13b1         Code  Gb  frexp.o [3]
__iar_init_vfp           0x800'1d99         Code  Gb  fpinit_M.o [3]
__iar_ldexp64            0x800'1475         Code  Gb  ldexp.o [3]
__iar_program_start      0x800'1e19         Code  Gb  cstartup_M.o [4]
__iar_scalbln64          0x800'1475         Code  Gb  ldexp.o [3]
__iar_scalbn64           0x800'1475         Code  Gb  ldexp.o [3]
__iar_softfp___iar_frexp64
                         0x800'13a5         Code  Gb  frexp.o [3]
__iar_softfp_frexp       0x800'13a5         Code  Gb  frexp.o [3]
__iar_softfp_frexpl      0x800'13a5         Code  Gb  frexp.o [3]
__iar_unaligned_memcpy   0x800'132d         Code  Gb  ABImemcpy_unaligned.o [4]
__iar_unaligned_memcpy4
                         0x800'134d         Code  Gb  ABImemcpy_unaligned.o [4]
__iar_unaligned_memcpy8
                         0x800'134d         Code  Gb  ABImemcpy_unaligned.o [4]
__low_level_init         0x800'1def    0x4  Code  Gb  low_level_init.o [2]
__vector_table           0x800'0000         Data  Gb  vector_table_M.o [4]
_call_main               0x800'1ddd         Code  Gb  cmain.o [4]
_exit                    0x800'1df9         Code  Gb  cexit.o [4]
_main                    0x800'1deb         Code  Gb  cmain.o [4]
abort                    0x800'197f    0x6  Code  Gb  abort.o [2]
buff                    0x2000'0000   0x14  Data  Gb  main.o [1]
clockCycle               0x800'1bf5   0x30  Code  Gb  SPI.o [1]
dataConversion           0x800'1b99   0x5c  Code  Gb  SPI.o [1]
dataRead                 0x800'1b57   0x42  Code  Gb  SPI.o [1]
decimalTemperature      0x2000'0024    0x4  Data  Gb  main.o [1]
exit                     0x800'1df3    0x4  Code  Gb  exit.o [2]
gpioa                   0x2000'0018    0x4  Data  Gb  UART.o [1]
gpiof                   0x2000'0014    0x4  Data  Gb  SPI.o [1]
intTemperature          0x2000'0020    0x4  Data  Gb  main.o [1]
ldexp                    0x800'1475         Code  Gb  ldexp.o [3]
ldexpl                   0x800'1475         Code  Gb  ldexp.o [3]
main                     0x800'1ca5   0x30  Code  Gb  main.o [1]
memchr                   0x800'0f01         Code  Gb  memchr.o [4]
readBuffer              0x2000'002c    0x2  Data  Gb  SPI.o [1]
readStart                0x800'1b31   0x26  Code  Gb  SPI.o [1]
scalbln                  0x800'1475         Code  Gb  ldexp.o [3]
scalblnl                 0x800'1475         Code  Gb  ldexp.o [3]
scalbn                   0x800'1475         Code  Gb  ldexp.o [3]
scalbnl                  0x800'1475         Code  Gb  ldexp.o [3]
scale                    0x800'06f3   0x46  Code  Lc  xprintffull_nomb.o [2]
sec_hand                0x2000'0028    0x4  Data  Lc  xfail_s.o [2]
sendToUART               0x800'1c61   0x3c  Code  Gb  UART.o [1]
spiData                  0x800'1b19   0x18  Code  Gb  SPI.o [1]
sprintf                  0x800'1d05   0x40  Code  Gb  sprintf.o [2]
strchr                   0x800'0e71         Code  Gb  strchr.o [4]
strlen                   0x800'0ec9         Code  Gb  strlen.o [4]
usart                   0x2000'001c    0x4  Data  Gb  UART.o [1]


[1] = D:\DESKTOP 2\MB\3. semestar\VGRAJENI SISTEMI\VAJE\DN_5\Debug\Obj
[2] = dl7M_tln.a
[3] = m7M_tls.a
[4] = rt7M_tl.a
[5] = shb_l.a

  7 672 bytes of readonly  code memory
     92 bytes of readonly  data memory
  8 238 bytes of readwrite data memory

Errors: none
Warnings: none
